// Jest Snapshot v1, https://goo.gl/fbAQLP

exports[`INatIcon renders correctly 1`] = `
<Text
  allowFontScaling={false}
  selectable={false}
  style={
    Array [
      Object {
        "color": "#4F8EF7",
        "fontSize": 20,
      },
      undefined,
      Object {
        "fontFamily": "INatIcon",
        "fontStyle": "normal",
        "fontWeight": "normal",
      },
      Object {},
    ]
  }
>
  ï„Œ
</Text>
`;
