// Jest Snapshot v1, https://goo.gl/fbAQLP

exports[`Body4 renders correctly 1`] = `
<Text
  style={
    [
      {
        "fontFamily": "Whitney-Book",
      },
      [
        {
          "fontSize": 12,
          "lineHeight": 14,
        },
        {
          "fontWeight": "300",
        },
        {
          "color": "#454545",
        },
      ],
    ]
  }
>
  Body4
</Text>
`;
