// Jest Snapshot v1, https://goo.gl/fbAQLP

exports[`Body3 renders correctly 1`] = `
<Text
  style={
    [
      {
        "fontFamily": "Whitney-Book",
      },
      [
        {
          "fontSize": 14,
          "lineHeight": 18,
        },
        {
          "fontWeight": "400",
        },
        {
          "color": "#454545",
        },
      ],
    ]
  }
>
  Body3
</Text>
`;
