// Jest Snapshot v1, https://goo.gl/fbAQLP

exports[`Heading1 renders correctly 1`] = `
<Text
  style={
    [
      {
        "fontFamily": "Whitney-Book",
      },
      [
        [
          {
            "fontSize": 26,
            "lineHeight": 31,
          },
          {
            "fontWeight": "600",
          },
          {
            "color": "#454545",
          },
        ],
      ],
    ]
  }
>
  Heading1
</Text>
`;
