// Jest Snapshot v1, https://goo.gl/fbAQLP

exports[`PhotoCount renders correctly 1`] = `
<View
  style={
    [
      [
        {
          "height": 50,
          "width": 50,
        },
        {
          "elevation": 5,
          "shadowColor": "#000000",
          "shadowOffset": {
            "height": 2,
            "width": 0,
          },
          "shadowOpacity": 0.25,
          "shadowRadius": 2,
        },
      ],
    ]
  }
  testID="photo-count"
>
  <Text
    style={
      [
        {
          "fontFamily": "Whitney-Medium",
        },
        [
          [
            {
              "fontSize": 14,
              "lineHeight": 18,
            },
            {
              "fontWeight": "400",
            },
            {
              "color": "#454545",
            },
            {
              "paddingHorizontal": 12.5,
              "position": "absolute",
              "top": 22,
              "zIndex": 10,
            },
          ],
        ],
      ]
    }
  >
    7
  </Text>
  <RNSVGSvgView
    align="xMidYMid"
    bbHeight="50"
    bbWidth="50"
    fill="none"
    focusable={false}
    height={50}
    meetOrSlice={0}
    minX={0}
    minY={0}
    style={
      [
        {
          "backgroundColor": "transparent",
          "borderWidth": 0,
        },
        {
          "flex": 0,
          "height": 50,
          "width": 50,
        },
      ]
    }
    vbHeight={24}
    vbWidth={24}
    width={50}
    xmlns="http://www.w3.org/2000/svg"
  >
    <RNSVGGroup
      fill={null}
      propList={
        [
          "fill",
        ]
      }
    >
      <RNSVGPath
        clipRule={0}
        d="M4 5.818a4 4 0 00-4 4V20a4 4 0 004 4h10.182a4 4 0 004-4V9.818a4 4 0 00-4-4z"
        fill={
          {
            "payload": 4294966270,
            "type": 0,
          }
        }
        fillRule={1}
        propList={
          [
            "fill",
            "fillRule",
          ]
        }
      />
      <RNSVGPath
        clipRule={0}
        d="M15.364 3.636h-9.53A4 4 0 019.818 0H20a4 4 0 014 4v10.182a4 4 0 01-3.636 3.984v-9.53a5 5 0 00-5-5z"
        fill={
          {
            "payload": 4294966270,
            "type": 0,
          }
        }
        fillRule={1}
        propList={
          [
            "fill",
            "fillRule",
          ]
        }
      />
    </RNSVGGroup>
  </RNSVGSvgView>
</View>
`;
