// Jest Snapshot v1, https://goo.gl/fbAQLP

exports[`it renders all inputs as expected 1`] = `[Function]`;
